
> anjal-ventures@1.0.0 build
> next build

  ▲ Next.js 14.2.5

   Creating an optimized production build ...
 ✓ Compiled successfully
   Linting and checking validity of types ...
   Collecting page data ...
   Generating static pages (0/31) ...
node.exe : Error fetching testimonials: Error: DATABASE_URL environment 
variable is not set
At line:1 char:1
+ & "C:\Program Files\nodejs/node.exe" "C:\Program Files\nodejs/node_mo ...
+ ~~~~~~~~~~~~~~~~~~~~~~~~~~~~~~~~~~~~~~~~~~~~~~~~~~~~~~~~~~~~~~~~~~~~~
    + CategoryInfo          : NotSpecified: (Error fetching ...able is not set 
   :String) [], RemoteException
    + FullyQualifiedErrorId : NativeCommandError
 
    at n (C:\Users\harun\OneDrive\桌面\anjal-ventures-nextjs\anjal-ventures\.next
\server\app\api\admin\pricing\[id]\route.js:6:1303)
    at l (C:\Users\harun\OneDrive\桌面\anjal-ventures-nextjs\anjal-ventures\.next
\server\app\api\testimonials\approved\route.js:1:527)
    at C:\Users\harun\OneDrive\桌面\anjal-ventures-nextjs\anjal-ventures\node_mod
ules\next\dist\compiled\next-server\app-route.runtime.prod.js:6:36264
    at C:\Users\harun\OneDrive\桌面\anjal-ventures-nextjs\anjal-ventures\node_mod
ules\next\dist\server\lib\trace\tracer.js:140:36
    at NoopContextManager.with (C:\Users\harun\OneDrive\桌面\anjal-ventures-nextj
s\anjal-ventures\node_modules\next\dist\compiled\@opentelemetry\api\index.js:1:
7062)
    at ContextAPI.with (C:\Users\harun\OneDrive\桌面\anjal-ventures-nextjs\anjal-
ventures\node_modules\next\dist\compiled\@opentelemetry\api\index.js:1:518)
    at NoopTracer.startActiveSpan (C:\Users\harun\OneDrive\桌面\anjal-ventures-ne
xtjs\anjal-ventures\node_modules\next\dist\compiled\@opentelemetry\api\index.js
:1:18093)
    at ProxyTracer.startActiveSpan (C:\Users\harun\OneDrive\桌面\anjal-ventures-n
extjs\anjal-ventures\node_modules\next\dist\compiled\@opentelemetry\api\index.j
s:1:18854)
    at C:\Users\harun\OneDrive\桌面\anjal-ventures-nextjs\anjal-ventures\node_mod
ules\next\dist\server\lib\trace\tracer.js:122:103
    at NoopContextManager.with (C:\Users\harun\OneDrive\桌面\anjal-ventures-nextj
s\anjal-ventures\node_modules\next\dist\compiled\@opentelemetry\api\index.js:1:
7062)
Public data error: Error: DATABASE_URL environment variable is not set
    at n (C:\Users\harun\OneDrive\桌面\anjal-ventures-nextjs\anjal-ventures\.next
\server\app\api\admin\settings\route.js:4:815)
    at o (C:\Users\harun\OneDrive\桌面\anjal-ventures-nextjs\anjal-ventures\.next
\server\app\api\admin\settings\route.js:4:940)
    at p (C:\Users\harun\OneDrive\桌面\anjal-ventures-nextjs\anjal-ventures\.next
\server\app\api\public\data\route.js:1:540)
    at C:\Users\harun\OneDrive\桌面\anjal-ventures-nextjs\anjal-ventures\node_mod
ules\next\dist\compiled\next-server\app-route.runtime.prod.js:6:36264
    at C:\Users\harun\OneDrive\桌面\anjal-ventures-nextjs\anjal-ventures\node_mod
ules\next\dist\server\lib\trace\tracer.js:140:36
    at NoopContextManager.with (C:\Users\harun\OneDrive\桌面\anjal-ventures-nextj
s\anjal-ventures\node_modules\next\dist\compiled\@opentelemetry\api\index.js:1:
7062)
    at ContextAPI.with (C:\Users\harun\OneDrive\桌面\anjal-ventures-nextjs\anjal-
ventures\node_modules\next\dist\compiled\@opentelemetry\api\index.js:1:518)
    at NoopTracer.startActiveSpan (C:\Users\harun\OneDrive\桌面\anjal-ventures-ne
xtjs\anjal-ventures\node_modules\next\dist\compiled\@opentelemetry\api\index.js
:1:18093)
    at ProxyTracer.startActiveSpan (C:\Users\harun\OneDrive\桌面\anjal-ventures-n
extjs\anjal-ventures\node_modules\next\dist\compiled\@opentelemetry\api\index.j
s:1:18854)
    at C:\Users\harun\OneDrive\桌面\anjal-ventures-nextjs\anjal-ventures\node_mod
ules\next\dist\server\lib\trace\tracer.js:122:103
   Generating static pages (7/31) 
 ⚠ Unsupported metadata themeColor is configured in metadata export in 
/admin/calculator. Please move it to viewport export instead.
Read more: 
https://nextjs.org/docs/app/api-reference/functions/generate-viewport
 ⚠ Unsupported metadata themeColor is configured in metadata export in 
/admin/calculator. Please move it to viewport export instead.
Read more: 
https://nextjs.org/docs/app/api-reference/functions/generate-viewport
 ⚠ Unsupported metadata themeColor is configured in metadata export in 
/admin/login. Please move it to viewport export instead.
Read more: 
https://nextjs.org/docs/app/api-reference/functions/generate-viewport
 ⚠ Unsupported metadata themeColor is configured in metadata export in 
/admin/login. Please move it to viewport export instead.
Read more: 
https://nextjs.org/docs/app/api-reference/functions/generate-viewport
 ⚠ Unsupported metadata themeColor is configured in metadata export in 
/admin/quotations. Please move it to viewport export instead.
Read more: 
https://nextjs.org/docs/app/api-reference/functions/generate-viewport
 ⚠ Unsupported metadata themeColor is configured in metadata export in 
/admin/quotations. Please move it to viewport export instead.
Read more: 
https://nextjs.org/docs/app/api-reference/functions/generate-viewport
 ⚠ Unsupported metadata themeColor is configured in metadata export in 
/admin/pricing. Please move it to viewport export instead.
Read more: 
https://nextjs.org/docs/app/api-reference/functions/generate-viewport
 ⚠ Unsupported metadata themeColor is configured in metadata export in 
/admin/pricing. Please move it to viewport export instead.
Read more: 
https://nextjs.org/docs/app/api-reference/functions/generate-viewport
 ⚠ Unsupported metadata themeColor is configured in metadata export in 
/_not-found. Please move it to viewport export instead.
Read more: 
https://nextjs.org/docs/app/api-reference/functions/generate-viewport
 ⚠ Unsupported metadata themeColor is configured in metadata export in 
/_not-found. Please move it to viewport export instead.
Read more: 
https://nextjs.org/docs/app/api-reference/functions/generate-viewport
 ⚠ Unsupported metadata themeColor is configured in metadata export in 
/admin/services. Please move it to viewport export instead.
Read more: 
https://nextjs.org/docs/app/api-reference/functions/generate-viewport
 ⚠ Unsupported metadata themeColor is configured in metadata export in 
/admin/services. Please move it to viewport export instead.
Read more: 
https://nextjs.org/docs/app/api-reference/functions/generate-viewport
   Generating static pages (15/31) 
Sitemap generation error: Error: DATABASE_URL environment variable is not set
    at tc (C:\Users\harun\OneDrive\桌面\anjal-ventures-nextjs\anjal-ventures\.nex
t\server\app\sitemap.xml\route.js:16:2986)
    at tf (C:\Users\harun\OneDrive\桌面\anjal-ventures-nextjs\anjal-ventures\.nex
t\server\app\sitemap.xml\route.js:16:3106)
    at tp (C:\Users\harun\OneDrive\桌面\anjal-ventures-nextjs\anjal-ventures\.nex
t\server\app\sitemap.xml\route.js:116:182)
    at tb (C:\Users\harun\OneDrive\桌面\anjal-ventures-nextjs\anjal-ventures\.nex
t\server\app\sitemap.xml\route.js:116:2138)
    at C:\Users\harun\OneDrive\桌面\anjal-ventures-nextjs\anjal-ventures\node_mod
ules\next\dist\compiled\next-server\app-route.runtime.prod.js:6:36264
    at C:\Users\harun\OneDrive\桌面\anjal-ventures-nextjs\anjal-ventures\node_mod
ules\next\dist\server\lib\trace\tracer.js:140:36
    at NoopContextManager.with (C:\Users\harun\OneDrive\桌面\anjal-ventures-nextj
s\anjal-ventures\node_modules\next\dist\compiled\@opentelemetry\api\index.js:1:
7062)
    at ContextAPI.with (C:\Users\harun\OneDrive\桌面\anjal-ventures-nextjs\anjal-
ventures\node_modules\next\dist\compiled\@opentelemetry\api\index.js:1:518)
    at NoopTracer.startActiveSpan (C:\Users\harun\OneDrive\桌面\anjal-ventures-ne
xtjs\anjal-ventures\node_modules\next\dist\compiled\@opentelemetry\api\index.js
:1:18093)
    at ProxyTracer.startActiveSpan (C:\Users\harun\OneDrive\桌面\anjal-ventures-n
extjs\anjal-ventures\node_modules\next\dist\compiled\@opentelemetry\api\index.j
s:1:18854)
 ⚠ Unsupported metadata themeColor is configured in metadata export in 
/admin/contacts. Please move it to viewport export instead.
Read more: 
https://nextjs.org/docs/app/api-reference/functions/generate-viewport
 ⚠ Unsupported metadata themeColor is configured in metadata export in 
/admin/contacts. Please move it to viewport export instead.
Read more: 
https://nextjs.org/docs/app/api-reference/functions/generate-viewport
 ⚠ Unsupported metadata themeColor is configured in metadata export in 
/admin/settings. Please move it to viewport export instead.
Read more: 
https://nextjs.org/docs/app/api-reference/functions/generate-viewport
 ⚠ Unsupported metadata themeColor is configured in metadata export in 
/admin/settings. Please move it to viewport export instead.
Read more: 
https://nextjs.org/docs/app/api-reference/functions/generate-viewport
 ⚠ Unsupported metadata themeColor is configured in metadata export in /admin. 
Please move it to viewport export instead.
Read more: 
https://nextjs.org/docs/app/api-reference/functions/generate-viewport
 ⚠ Unsupported metadata themeColor is configured in metadata export in /admin. 
Please move it to viewport export instead.
Read more: 
https://nextjs.org/docs/app/api-reference/functions/generate-viewport
Failed to load site data: Error: DATABASE_URL environment variable is not set
    at o (C:\Users\harun\OneDrive\桌面\anjal-ventures-nextjs\anjal-ventures\.next
\server\app\api\admin\calculator\route.js:5:828)
    at n (C:\Users\harun\OneDrive\桌面\anjal-ventures-nextjs\anjal-ventures\.next
\server\app\api\admin\calculator\route.js:5:953)
    at ef (C:\Users\harun\OneDrive\桌面\anjal-ventures-nextjs\anjal-ventures\.nex
t\server\app\page.js:1:81401)
    at ej (C:\Users\harun\OneDrive\桌面\anjal-ventures-nextjs\anjal-ventures\.nex
t\server\app\page.js:1:82572)
    at eh (C:\Users\harun\OneDrive\桌面\anjal-ventures-nextjs\anjal-ventures\node
_modules\next\dist\compiled\next-server\app-page.runtime.prod.js:12:134786)
    at e (C:\Users\harun\OneDrive\桌面\anjal-ventures-nextjs\anjal-ventures\node_
modules\next\dist\compiled\next-server\app-page.runtime.prod.js:12:137671)
    at ek (C:\Users\harun\OneDrive\桌面\anjal-ventures-nextjs\anjal-ventures\node
_modules\next\dist\compiled\next-server\app-page.runtime.prod.js:12:138145)
    at Array.toJSON (C:\Users\harun\OneDrive\桌面\anjal-ventures-nextjs\anjal-ven
tures\node_modules\next\dist\compiled\next-server\app-page.runtime.prod.js:12:1
35755)
    at stringify (<anonymous>)
    at eR (C:\Users\harun\OneDrive\桌面\anjal-ventures-nextjs\anjal-ventures\node
_modules\next\dist\compiled\next-server\app-page.runtime.prod.js:12:142219)
 ⚠ Unsupported metadata themeColor is configured in metadata export in /. 
Please move it to viewport export instead.
Read more: 
https://nextjs.org/docs/app/api-reference/functions/generate-viewport
Failed to load site data: Error: DATABASE_URL environment variable is not set
    at o (C:\Users\harun\OneDrive\桌面\anjal-ventures-nextjs\anjal-ventures\.next
\server\app\api\admin\calculator\route.js:5:828)
    at n (C:\Users\harun\OneDrive\桌面\anjal-ventures-nextjs\anjal-ventures\.next
\server\app\api\admin\calculator\route.js:5:953)
    at ef (C:\Users\harun\OneDrive\桌面\anjal-ventures-nextjs\anjal-ventures\.nex
t\server\app\page.js:1:81401)
    at ej (C:\Users\harun\OneDrive\桌面\anjal-ventures-nextjs\anjal-ventures\.nex
t\server\app\page.js:1:82572)
    at eh (C:\Users\harun\OneDrive\桌面\anjal-ventures-nextjs\anjal-ventures\node
_modules\next\dist\compiled\next-server\app-page.runtime.prod.js:12:134786)
    at e (C:\Users\harun\OneDrive\桌面\anjal-ventures-nextjs\anjal-ventures\node_
modules\next\dist\compiled\next-server\app-page.runtime.prod.js:12:137671)
    at ek (C:\Users\harun\OneDrive\桌面\anjal-ventures-nextjs\anjal-ventures\node
_modules\next\dist\compiled\next-server\app-page.runtime.prod.js:12:138145)
    at Array.toJSON (C:\Users\harun\OneDrive\桌面\anjal-ventures-nextjs\anjal-ven
tures\node_modules\next\dist\compiled\next-server\app-page.runtime.prod.js:12:1
35755)
    at stringify (<anonymous>)
    at eR (C:\Users\harun\OneDrive\桌面\anjal-ventures-nextjs\anjal-ventures\node
_modules\next\dist\compiled\next-server\app-page.runtime.prod.js:12:142219)
 ⚠ Unsupported metadata themeColor is configured in metadata export in /. 
Please move it to viewport export instead.
Read more: 
https://nextjs.org/docs/app/api-reference/functions/generate-viewport
 ⚠ Unsupported metadata themeColor is configured in metadata export in 
/admin/testimonials. Please move it to viewport export instead.
Read more: 
https://nextjs.org/docs/app/api-reference/functions/generate-viewport
 ⚠ Unsupported metadata themeColor is configured in metadata export in 
/admin/testimonials. Please move it to viewport export instead.
Read more: 
https://nextjs.org/docs/app/api-reference/functions/generate-viewport
 ⚠ Unsupported metadata themeColor is configured in metadata export in 
/admin/projects. Please move it to viewport export instead.
Read more: 
https://nextjs.org/docs/app/api-reference/functions/generate-viewport
 ⚠ Unsupported metadata themeColor is configured in metadata export in 
/admin/projects. Please move it to viewport export instead.
Read more: 
https://nextjs.org/docs/app/api-reference/functions/generate-viewport
   Generating static pages (23/31) 
 ✓ Generating static pages (31/31)
   Finalizing page optimization ...
   Collecting build traces ...

Route (app)                              Size     First Load JS
┌ ○ /                                    17.1 kB         121 kB
├ ○ /_not-found                          871 B          88.2 kB
├ ○ /admin                               2.75 kB         102 kB
├ ○ /admin/calculator                    3.33 kB         108 kB
├ ○ /admin/contacts                      2.76 kB         107 kB
├ ○ /admin/login                         1.29 kB        93.8 kB
├ ○ /admin/pricing                       3.16 kB         108 kB
├ ○ /admin/projects                      4.07 kB         108 kB
├ ○ /admin/quotations                    2.64 kB         107 kB
├ ○ /admin/services                      3.05 kB         107 kB
├ ○ /admin/settings                      3.94 kB         108 kB
├ ○ /admin/testimonials                  2.19 kB        94.6 kB
├ ƒ /api/admin/calculator                0 B                0 B
├ ƒ /api/admin/calculator/[id]           0 B                0 B
├ ƒ /api/admin/contacts                  0 B                0 B
├ ƒ /api/admin/pricing                   0 B                0 B
├ ƒ /api/admin/pricing/[id]              0 B                0 B
├ ƒ /api/admin/projects                  0 B                0 B
├ ƒ /api/admin/projects/[id]             0 B                0 B
├ ƒ /api/admin/quotations                0 B                0 B
├ ƒ /api/admin/services                  0 B                0 B
├ ƒ /api/admin/services/[id]             0 B                0 B
├ ƒ /api/admin/settings                  0 B                0 B
├ ƒ /api/admin/testimonials              0 B                0 B
├ ƒ /api/admin/testimonials/[id]         0 B                0 B
├ ƒ /api/admin/upload                    0 B                0 B
├ ƒ /api/auth/login                      0 B                0 B
├ ƒ /api/auth/logout                     0 B                0 B
├ ƒ /api/contact                         0 B                0 B
├ ƒ /api/public/data                     0 B                0 B
├ ƒ /api/quotation                       0 B                0 B
├ ƒ /api/testimonials/approved           0 B                0 B
├ ƒ /api/testimonials/submit             0 B                0 B
└ ○ /sitemap.xml                         0 B                0 B
+ First Load JS shared by all            87.3 kB
  ├ chunks/23-f1df4bd65d913648.js        31.5 kB
  ├ chunks/fd9d1056-a80447464fc7b0c1.js  53.6 kB
  └ other shared chunks (total)          2.16 kB


ƒ Middleware                             32.7 kB

○  (Static)   prerendered as static content
ƒ  (Dynamic)  server-rendered on demand

